// Jest Snapshot v1, https://goo.gl/fbAQLP

exports[`Input renders correctly 1`] = `
<input
  className="sc-bdVaJa bVFsUj"
  type="text"
/>
`;

exports[`Select renders correctly 1`] = `
<select>
  <option
    value="456"
  />
  <option
    value="def"
  />
</select>
`;

exports[`TextArea renders correctly 1`] = `
<textarea
  className="sc-bwzfXH eBguEi"
  maxLength="150"
/>
`;
